
> modelbounty@0.1.0 dev
> next dev

▲ Next.js 16.3.6 (Turbopack)
- Local:         http://localhost:3000
- Network:       http://10.80.78.70:3000
- Environments: .env.local, .env
✓ Ready in 1677ms
⚠ Warning: Next.js ignored package-lock.json in C:\Users\Rohith because it is outside the current Git repository (C:\Users\Rohith\OneDrive\Desktop\modelbounty).
 To use this directory, set `turbopack.root` in your Next.js config.

✓ Running next.config.ts took 165ms

 GET / 200 in 1435ms (next.js: 1022ms, application-code: 413ms)
 GET / 200 in 248ms (next.js: 28ms, application-code: 220ms)
 GET / 200 in 225ms (next.js: 33ms, application-code: 192ms)
 GET / 200 in 672ms (next.js: 16ms, application-code: 656ms)
 GET / 200 in 431ms (next.js: 39ms, application-code: 392ms)
 GET /api/bounties 404 in 1068ms (next.js: 226ms, application-code: 842ms)
 GET /api/dashboard/stats 404 in 1058ms (next.js: 244ms, application-code: 814ms)
 GET /api/bounties 404 in 1053ms (next.js: 271ms, application-code: 782ms)
 GET /api/dashboard/stats 404 in 1051ms (next.js: 292ms, application-code: 759ms)
 GET /api/bounties 404 in 372ms (next.js: 31ms, application-code: 342ms)
 GET /api/dashboard/stats 404 in 398ms (next.js: 134ms, application-code: 263ms)
 GET /api/bounties 404 in 983ms (next.js: 124ms, application-code: 859ms)
 GET /api/dashboard/stats 404 in 979ms (next.js: 137ms, application-code: 842ms)
 GET /api/bounties 404 in 325ms (next.js: 113ms, application-code: 211ms)
 GET /api/dashboard/stats 404 in 319ms (next.js: 172ms, application-code: 147ms)
 GET /api/bounties 404 in 378ms (next.js: 28ms, application-code: 351ms)
 GET /api/dashboard/stats 404 in 366ms (next.js: 102ms, application-code: 264ms)
 GET /api/bounties 404 in 275ms (next.js: 108ms, application-code: 167ms)
 GET /api/dashboard/stats 404 in 257ms (next.js: 109ms, application-code: 148ms)
 GET /create-bounty 200 in 175ms (next.js: 116ms, application-code: 59ms)
 GET / 200 in 37ms (next.js: 10ms, application-code: 28ms)
 GET /api/bounties 404 in 311ms (next.js: 29ms, application-code: 281ms)
 GET /api/dashboard/stats 404 in 308ms (next.js: 36ms, application-code: 272ms)
 GET /api/bounties 404 in 297ms (next.js: 165ms, application-code: 133ms)
 GET /api/dashboard/stats 404 in 295ms (next.js: 175ms, application-code: 120ms)
 GET /my-submissions 200 in 147ms (next.js: 101ms, application-code: 46ms)
 GET /api/findings 404 in 164ms (next.js: 17ms, application-code: 147ms)
 GET /api/findings 404 in 139ms (next.js: 70ms, application-code: 69ms)
 GET /research-arena 200 in 130ms (next.js: 84ms, application-code: 46ms)
 GET /api/bounties 404 in 144ms (next.js: 22ms, application-code: 122ms)
 GET /api/bounties 404 in 140ms (next.js: 30ms, application-code: 110ms)
 GET /bounties/fraud-detect-v1 200 in 1694ms (next.js: 1640ms, application-code: 53ms)
 GET /api/bounties/fraud-detect-v1 404 in 177ms (next.js: 27ms, application-code: 150ms)
 GET /api/bounties/fraud-detect-v1 404 in 174ms (next.js: 37ms, application-code: 138ms)
 GET /api/bounties 404 in 180ms (next.js: 29ms, application-code: 152ms)
 GET /api/bounties 404 in 175ms (next.js: 35ms, application-code: 141ms)
 GET / 200 in 43ms (next.js: 10ms, application-code: 33ms)
 GET /api/bounties 404 in 322ms (next.js: 36ms, application-code: 287ms)
 GET /api/dashboard/stats 404 in 319ms (next.js: 45ms, application-code: 274ms)
 GET /api/bounties 404 in 315ms (next.js: 53ms, application-code: 261ms)
 GET /api/dashboard/stats 404 in 302ms (next.js: 203ms, application-code: 98ms)
 GET / 200 in 104ms (next.js: 9ms, application-code: 95ms)
 GET /api/bounties 404 in 340ms (next.js: 28ms, application-code: 312ms)
 GET /api/dashboard/stats 404 in 336ms (next.js: 113ms, application-code: 223ms)
 GET /api/bounties 404 in 303ms (next.js: 155ms, application-code: 148ms)
 GET /api/dashboard/stats 404 in 216ms (next.js: 82ms, application-code: 135ms)
 GET / 200 in 108ms (next.js: 9ms, application-code: 99ms)
 GET /api/bounties 404 in 358ms (next.js: 31ms, application-code: 327ms)
 GET /api/dashboard/stats 404 in 353ms (next.js: 98ms, application-code: 255ms)
 GET /api/bounties 404 in 319ms (next.js: 150ms, application-code: 169ms)
 GET /api/dashboard/stats 404 in 243ms (next.js: 149ms, application-code: 94ms)
